// Jest Snapshot v1, https://goo.gl/fbAQLP

exports[`App tests should match snapshot 1`] = `
<DocumentFragment>
  <main
    class="sc-iqcoie bQtCAG"
  >
    <div
      class="sc-eCYdqJ iyiAJB"
    >
      <div
        class="sc-jSMfEi gejqNd"
      >
        <button
          class="sc-dkzDqf jaXQbB"
        >
          <span
            aria-label="Light Mode"
            role="button"
          />
          put icon here
        </button>
        <button
          class="sc-dkzDqf jaXQbB"
        >
          <span
            aria-label="Dark Mode"
            role="button"
          />
          put icon here
        </button>
      </div>
      <h1
        class="sc-hKMtZM dBgjxS"
      >
        Stoic Quotes
      </h1>
    </div>
    <div
      class="sc-jqUVSM bOZkTj"
    >
      <section>
        <div
          data-testid="three-dots-loading"
          style="display: flex;"
        >
          <svg
            aria-label="three-dots-loading"
            data-testid="three-dots-svg"
            fill="white"
            height="80"
            viewBox="0 0 120 30"
            width="80"
            xmlns="http://www.w3.org/2000/svg"
          >
            <circle
              cx="15"
              cy="15"
              r="15"
            >
              <animate
                attributeName="r"
                begin="0s"
                calcMode="linear"
                dur="0.8s"
                from="15"
                repeatCount="indefinite"
                to="15"
                values="15;9;15"
              />
              <animate
                attributeName="fill-opacity"
                begin="0s"
                calcMode="linear"
                dur="0.8s"
                from="1"
                repeatCount="indefinite"
                to="1"
                values="1;.5;1"
              />
            </circle>
            <circle
              attributeName="fill-opacity"
              cx="60"
              cy="15"
              from="1"
              r="9"
              to="0.3"
            >
              <animate
                attributeName="r"
                begin="0s"
                calcMode="linear"
                dur="0.8s"
                from="9"
                repeatCount="indefinite"
                to="9"
                values="9;15;9"
              />
              <animate
                attributeName="fill-opacity"
                begin="0s"
                calcMode="linear"
                dur="0.8s"
                from="0.5"
                repeatCount="indefinite"
                to="0.5"
                values=".5;1;.5"
              />
            </circle>
            <circle
              cx="105"
              cy="15"
              r="15"
            >
              <animate
                attributeName="r"
                begin="0s"
                calcMode="linear"
                dur="0.8s"
                from="15"
                repeatCount="indefinite"
                to="15"
                values="15;9;15"
              />
              <animate
                attributeName="fill-opacity"
                begin="0s"
                calcMode="linear"
                dur="0.8s"
                from="1"
                repeatCount="indefinite"
                to="1"
                values="1;.5;1"
              />
            </circle>
          </svg>
        </div>
      </section>
      <div
        class="sc-kDDrLX cAoIps"
      >
        <button
          class="sc-dkzDqf jaXQbB"
        >
          <span
            class="btn-txt"
          >
            New Quote
          </span>
        </button>
        <button
          class="sc-dkzDqf jaXQbB"
        >
          <span
            class="btn-txt"
          >
            Copy
          </span>
        </button>
        <button
          class="sc-dkzDqf jaXQbB"
        >
          <a
            href="https://twitter.com/intent/tweet?text="
            id="tweet-quote"
            rel="noopener noreferrer"
            target="_blank"
            title="Tweet This Quote!"
          >
            <span
              class="btn-txt"
            >
              Tweet
            </span>
          </a>
        </button>
      </div>
    </div>
    <footer
      class="sc-bczRLJ cwpBFf"
    >
      <p
        class="sc-gsnTZi dNKnxB"
      >
        <a
          data-testid="footer"
          href="https://github.com/nataliepina/stoic-quote"
          rel="noopener noreferrer"
          target="_blank"
        >
          Natalie Pina © 2023
        </a>
      </p>
    </footer>
  </main>
</DocumentFragment>
`;
